
> tasks@0.1.0 test
> react-scripts test --coverage

Browserslist: caniuse-lite is outdated. Please run:
  npx browserslist@latest --update-db
  Why you should do it regularly: https://github.com/browserslist/browserslist#browsers-data-updating
FAIL src/quizzer/Quizzer.test.tsx
  ● Quizzer Tests › Users can add a new quiz

    TestingLibraryElementError: Unable to find an element with the text: Add New Quiz. This could be because the text is broken up by multiple elements. In this case, you can provide a function for your text matcher to make your matcher more flexible.

    Ignored nodes: comments, <script />, <style />
    [36m<body />[39m

      25 |     });*/
      26 |     test("Users can add a new quiz", () => {
    > 27 |         const button = screen.getByText("Add New Quiz");
         |                               ^
      28 |         expect(screen.queryByLabelText("Title: ")).not.toBeInTheDocument();
      29 |         button.click();
      30 |         expect(screen.getByLabelText("Title:")).toBeInTheDocument();

      at Object.getElementError (node_modules/@testing-library/dom/dist/config.js:38:19)
      at node_modules/@testing-library/dom/dist/query-helpers.js:90:38
      at node_modules/@testing-library/dom/dist/query-helpers.js:62:17
      at getByText (node_modules/@testing-library/dom/dist/query-helpers.js:111:19)
      at Object.<anonymous> (src/quizzer/Quizzer.test.tsx:27:31)

  ● Quizzer Tests › Users can see a list of quizzes, including the quizzes title, description, and how many questions it has

    TestingLibraryElementError: Unable to find an element with the text: Blank_Questions. This could be because the text is broken up by multiple elements. In this case, you can provide a function for your text matcher to make your matcher more flexible.

    Ignored nodes: comments, <script />, <style />
    [36m<body />[39m

      36 |     test("Users can see a list of quizzes, including the quizzes title, description, and how many questions it has", () => {
      37 |         for (let i = 0; i < QUIZZES.length; i++) {
    > 38 |             expect(screen.getByText(QUIZZES[i].title)).toBeInTheDocument();
         |                           ^
      39 |             expect(
      40 |                 screen.getByText(
      41 |                     QUIZZES[i].questionList.length + " question",

      at Object.getElementError (node_modules/@testing-library/dom/dist/config.js:38:19)
      at node_modules/@testing-library/dom/dist/query-helpers.js:90:38
      at node_modules/@testing-library/dom/dist/query-helpers.js:62:17
      at getByText (node_modules/@testing-library/dom/dist/query-helpers.js:111:19)
      at Object.<anonymous> (src/quizzer/Quizzer.test.tsx:38:27)

PASS src/App.test.tsx
-------------------|---------|----------|---------|---------|-------------------
File               | % Stmts | % Branch | % Funcs | % Lines | Uncovered Line #s 
-------------------|---------|----------|---------|---------|-------------------
All files          |   22.44 |    15.51 |   13.69 |    23.4 |                   
 src               |   66.66 |       50 |      50 |   66.66 |                   
  App.tsx          |   66.66 |       50 |      50 |   66.66 | 16                
 src/interfaces    |       0 |        0 |       0 |       0 |                   
  question.ts      |       0 |        0 |       0 |       0 |                   
  quiz.ts          |       0 |        0 |       0 |       0 |                   
 src/quizzer       |   21.52 |    12.96 |   12.67 |   22.46 |                   
  AddQuizModal.tsx |   35.71 |      100 |      20 |   35.71 | 16-19,35-52       
  QuestionEdit.tsx |    3.33 |        0 |       0 |    3.33 | 22-251            
  QuizCard.tsx     |      80 |       80 |   66.66 |      80 | 25                
  QuizEdit.tsx     |     3.7 |        0 |       0 |       4 | 22-163            
  QuizExpanded.tsx |    3.84 |        0 |       0 |       4 | 20-100            
  QuizList.tsx     |   72.72 |       75 |      60 |   72.72 | 22,26,47          
  QuizQuestion.tsx |      10 |        0 |       0 |      10 | 23-62             
  QuizView.tsx     |      20 |        0 |       0 |      20 | 19-25             
  Quizzer.tsx      |   56.25 |        0 |      30 |   69.23 | 28-38             
-------------------|---------|----------|---------|---------|-------------------

Test Suites: 1 failed, 1 passed, 2 total
Tests:       2 failed, 1 passed, 3 total
Snapshots:   0 total
Time:        3.171 s
Ran all test suites.
